// Jest Snapshot v1, https://goo.gl/fbAQLP

exports[`fetch widget reports 1`] = `
[
  [
    "ocp",
    "cost",
    "filter[time_scope_units]=month&filter[time_scope_value]=-1&filter[resolution]=daily&currency=USD",
  ],
  [
    "ocp",
    "cost",
    "filter[time_scope_units]=month&filter[time_scope_value]=-2&filter[resolution]=daily&currency=USD",
  ],
  [
    "ocp",
    "cost",
    "filter[time_scope_units]=month&filter[time_scope_value]=-1&filter[resolution]=monthly&filter[limit]=3&group_by[project]=*&currency=USD",
  ],
]
`;

exports[`getGroupByForTab clusters tab 1`] = `
{
  "cluster": "*",
}
`;

exports[`getGroupByForTab nodes tab 1`] = `
{
  "node": "*",
}
`;

exports[`getGroupByForTab projects tab 1`] = `
{
  "project": "*",
}
`;

exports[`getGroupByForTab unknown tab 1`] = `{}`;
