// Jest Snapshot v1, https://goo.gl/fbAQLP

exports[`default state 1`] = `
Object {
  "export": null,
  "exportError": null,
  "exportFetchStatus": 0,
}
`;

exports[`fetch export success 1`] = `"data"`;
