// Jest Snapshot v1, https://goo.gl/fbAQLP

exports[`default state 1`] = `
Object {
  "providers": null,
  "providersError": null,
  "providersFetchStatus": 0,
}
`;
