// Jest Snapshot v1, https://goo.gl/fbAQLP

exports[`range is formated with start and end date 1`] = `""`;

exports[`range is formated with start and end date for an empty report 1`] = `""`;
