// Jest Snapshot v1, https://goo.gl/fbAQLP

exports[`renders login if isLoggedIn is false 1`] = `
<I18nProvider
  locale="en"
>
  <withRouter(Maintenance) />
</I18nProvider>
`;

exports[`renders page layout 1`] = `
<I18nProvider
  locale="en"
>
  <withRouter(Maintenance) />
</I18nProvider>
`;
